// Jest Snapshot v1, https://goo.gl/fbAQLP

exports[`App should render correctly 1`] = `
<styled.div>
  <Reviews />
  <Reviews />
</styled.div>
`;
