// Jest Snapshot v1, https://goo.gl/fbAQLP

exports[`Feature should render correctly 1`] = `
<styled.div>
  <b>
    By feature
  </b>
  <styled.div>
    Sound quality
    <img
      alt="stars"
      height="25px"
      src="https://s3.amazonaws.com/product-reviews-hr110/Icons/stars.png"
    />
    4.4
  </styled.div>
  <styled.div>
    Battery life
    <img
      alt="stars"
      height="25px"
      src="https://s3.amazonaws.com/product-reviews-hr110/Icons/stars.png"
    />
    4.1
  </styled.div>
  <styled.div>
    Noise cancellation
    <img
      alt="stars"
      height="25px"
      src="https://s3.amazonaws.com/product-reviews-hr110/Icons/stars.png"
    />
    4.1
  </styled.div>
</styled.div>
`;
