// Jest Snapshot v1, https://goo.gl/fbAQLP

exports[`Reviews should render correctly 1`] = `
<div>
  This is the reviews
  <Images />
  <Mention />
  <ReviewList />
  <WriteReview />
</div>
`;
